                                                           The SAS System                         14:43 Monday, January 23, 2023   1

                                                       The GLIMMIX Procedure

                                                         Model Information

                                    Data Set                      WORK.TLC3_L                  
                                    Response Variable             diff                         
                                    Response Distribution         Gaussian                     
                                    Link Function                 Identity                     
                                    Variance Function             Default                      
                                    Variance Matrix Blocked By    id                           
                                    Estimation Technique          Restricted Maximum Likelihood
                                    Degrees of Freedom Method     Satterthwaite                


                                                      Class Level Information
 
                                                 Class    Levels    Values

                                                 id          100    not printed    
                                                 week          2    6 4            
                                                 trt           2    Active Placebo 


                                              Number of Observations Read         200
                                              Number of Observations Used         200


                                                             Dimensions

                                                 R-side Cov. Parameters           3
                                                 Columns in X                     9
                                                 Columns in Z per Subject         0
                                                 Subjects (Blocks in V)         100
                                                 Max Obs per Subject              2


                                                     Optimization Information

                                          Optimization Technique        Dual Quasi-Newton
                                          Parameters in Optimization    3                
                                          Lower Boundaries              2                
                                          Upper Boundaries              0                
                                          Fixed Effects                 Profiled         
                                          Starting From                 Data             


                                                          Iteration History
 
                                                                     Objective                         Max
                          Iteration    Restarts    Evaluations        Function          Change    Gradient

                                  0           0              4    1259.3167901       .            6.17E-15

                                        Convergence criterion (ABSGCONV=0.00001) satisfied.       
                                                           The SAS System                         14:43 Monday, January 23, 2023   2

                                                       The GLIMMIX Procedure

                                                           Fit Statistics

                                                -2 Res Log Likelihood        1259.32
                                                AIC  (smaller is better)     1265.32
                                                AICC (smaller is better)     1265.44
                                                BIC  (smaller is better)     1273.13
                                                CAIC (smaller is better)     1276.13
                                                HQIC (smaller is better)     1268.48
                                                Generalized Chi-Square        196.00
                                                Gener. Chi-Square / DF          1.00


                                                   Covariance Parameter Estimates
 
                                             Cov                               Standard
                                             Parm       Subject    Estimate       Error

                                             UN(1,1)    id          33.0656      4.7237
                                             UN(2,1)    id          13.8818      3.9101
                                             UN(2,2)    id          39.4858      5.6408


                                                    Solutions for Fixed Effects
 
                                                                        Standard
                    Effect       trt        week            Estimate       Error       DF    t Value    Pr > |t|

                    Intercept                                -3.9260      0.8132       98      -4.83      <.0001
                    trt          Active                      -7.1000      1.1501       98      -6.17      <.0001
                    trt          Placebo                           0           .        .        .         .    
                    week                               6     -0.4240      0.9464       98      -0.45      0.6551
                    week                               4           0           .        .        .         .    
                    week*trt     Active                6      5.6720      1.3385       98       4.24      <.0001
                    week*trt     Placebo               6           0           .        .        .         .    
                    week*trt     Active                4           0           .        .        .         .    
                    week*trt     Placebo               4           0           .        .        .         .    


                                                  Type III Tests of Fixed Effects
 
                                                        Num      Den
                                          Effect         DF       DF    F Value    Pr > F

                                          trt             1       98      18.12    <.0001
                                          week            1       98      12.99    0.0005
                                          week*trt        1       98      17.96    <.0001


                                                   week*trt Least Squares Means
 
                                                Standard
         trt        week            Estimate       Error       DF    t Value    Pr > |t|     Alpha       Lower       Upper

         Active                6     -5.7780      0.8887       98      -6.50      <.0001      0.05     -7.5415     -4.0145
         Placebo               6     -4.3500      0.8887       98      -4.90      <.0001      0.05     -6.1135     -2.5865
         Active                4    -11.0260      0.8132       98     -13.56      <.0001      0.05    -12.6398     -9.4122
                                                           The SAS System                         14:43 Monday, January 23, 2023   3

                                                       The GLIMMIX Procedure

                                                   week*trt Least Squares Means
 
                                                Standard
         trt        week            Estimate       Error       DF    t Value    Pr > |t|     Alpha       Lower       Upper

         Placebo               4     -3.9260      0.8132       98      -4.83      <.0001      0.05     -5.5398     -2.3122


                                 Simple Effect Comparisons of week*trt Least Squares Means By week
 
       Simple
       Effect                                      Standard
       Level     trt        _trt       Estimate       Error       DF    t Value    Pr > |t|     Alpha       Lower       Upper

       week 6    Active     Placebo     -1.4280      1.2568       98      -1.14      0.2586      0.05     -3.9220      1.0660
       week 4    Active     Placebo     -7.1000      1.1501       98      -6.17      <.0001      0.05     -9.3822     -4.8178
